------------------------------------------
System Performance Monitoring - Fri May 16 16:17:24 UTC 2025
------------------------------------------

--- TOP Command Snapshot ---
top - 16:17:24 up 9 min,  1 user,  load average: 0.18, 0.07, 0.02
Tasks:  28 total,   1 running,  27 sleeping,   0 stopped,   0 zombie
%Cpu(s):  0.0 us,  0.0 sy,  0.0 ni,100.0 id,  0.0 wa,  0.0 hi,  0.0 si,  0.0 st 
MiB Mem :   7767.2 total,   6383.9 free,    606.6 used,   1017.8 buff/cache     
MiB Swap:   2048.0 total,   2048.0 free,      0.0 used.   7160.6 avail Mem 

    PID USER      PR  NI    VIRT    RES    SHR S  %CPU  %MEM     TIME+ COMMAND
      1 root      20   0   21748  13068   9692 S   0.0   0.2   0:00.51 systemd
      2 root      20   0    2776   1920   1796 S   0.0   0.0   0:00.00 init-sy+
      8 root      20   0    2776     68     68 S   0.0   0.0   0:00.00 init
     50 root      19  -1   66748  15984  14784 S   0.0   0.2   0:02.24 systemd+
     99 root      20   0   23976   5956   4808 S   0.0   0.1   0:00.10 systemd+
    111 systemd+  20   0   21452  11708   9516 S   0.0   0.1   0:00.10 systemd+
    112 systemd+  20   0   91020   6528   5680 S   0.0   0.1   0:00.12 systemd+
    151 root      20   0    4236   2680   2448 S   0.0   0.0   0:00.00 cron
    152 message+  20   0    9588   4984   4448 S   0.0   0.1   0:00.21 dbus-da+
    159 root      20   0   17976   8264   7244 S   0.0   0.1   0:00.10 systemd+
    162 root      20   0 1756096  15952   9352 S   0.0   0.2   0:00.06 wsl-pro+
    167 root      20   0    3160   1100   1008 S   0.0   0.0   0:00.00 agetty
    178 root      20   0    3116   1108   1020 S   0.0   0.0   0:00.00 agetty

--- VMStat Snapshot ---
procs -----------memory---------- ---swap-- -----io---- -system-- -------cpu-------
 r  b   swpd   free   buff  cache   si   so    bi    bo   in   cs us sy id wa st gu
 0  0      0 6537472  26752 1015492    0    0   570 30902  194    0  0  0 99  0  0  0
 0  0      0 6537652  26816 1015468    0    0     0  7608  321  720  0  0 99  1  0  0
 0  0      0 6537652  26816 1015468    0    0     0     0    7   52  0  0 100  0  0  0
 0  0      0 6537652  26816 1015468    0    0     0     0    6   43  0  0 100  0  0  0
 0  0      0 6537652  26816 1015468    0    0     0     0    6   39  0  0 100  0  0  0

--- Disk Usage (df -h) ---
Filesystem      Size  Used Avail Use% Mounted on
none            3.8G     0  3.8G   0% /usr/lib/modules/5.15.167.4-microsoft-standard-WSL2
none            3.8G  4.0K  3.8G   1% /mnt/wsl
drivers         275G  214G   61G  78% /usr/lib/wsl/drivers
/dev/sdc       1007G  1.8G  954G   1% /
none            3.8G   76K  3.8G   1% /mnt/wslg
none            3.8G     0  3.8G   0% /usr/lib/wsl/lib
rootfs          3.8G  2.4M  3.8G   1% /init
none            3.8G  528K  3.8G   1% /run
none            3.8G     0  3.8G   0% /run/lock
none            3.8G     0  3.8G   0% /run/shm
tmpfs           4.0M     0  4.0M   0% /sys/fs/cgroup
none            3.8G   76K  3.8G   1% /mnt/wslg/versions.txt
none            3.8G   76K  3.8G   1% /mnt/wslg/doc
C:\             275G  214G   61G  78% /mnt/c
F:\             142G  8.9G  133G   7% /mnt/f
P:\              60G   15G   46G  25% /mnt/p
tmpfs           777M   16K  777M   1% /run/user/1000

--- Memory Usage (free -h) ---
               total        used        free      shared  buff/cache   available
Mem:           7.6Gi       606Mi       6.2Gi       3.2Mi       1.0Gi       7.0Gi
Swap:          2.0Gi          0B       2.0Gi

--- Processes Summary (ps aux --sort=-%cpu | head) ---
USER         PID %CPU %MEM    VSZ   RSS TTY      STAT START   TIME COMMAND
root          50  0.3  0.2  66748 15984 ?        S<s  16:07   0:02 /usr/lib/systemd/systemd-journald
root           1  0.0  0.1  21748 13068 ?        Ss   16:07   0:00 /sbin/init
message+     152  0.0  0.0   9588  4984 ?        Ss   16:07   0:00 @dbus-daemon --system --address=systemd: --nofork --nopidfile --systemd-activation --syslog-only
systemd+     112  0.0  0.0  91020  6528 ?        Ssl  16:07   0:00 /usr/lib/systemd/systemd-timesyncd
root         159  0.0  0.1  17976  8264 ?        Ss   16:07   0:00 /usr/lib/systemd/systemd-logind
systemd+     111  0.0  0.1  21452 11708 ?        Ss   16:07   0:00 /usr/lib/systemd/systemd-resolved
root          99  0.0  0.0  23976  5956 ?        Ss   16:07   0:00 /usr/lib/systemd/systemd-udevd
pulkitg+     310  0.0  0.0   6204  5420 pts/0    Ss   16:07   0:00 -bash
polkitd      979  0.0  0.0 308160  7948 ?        Ssl  16:13   0:00 /usr/lib/polkit-1/polkitd --no-debug

--- More stats: ---
CPU Usage: 0.8%
Memory Usage: 7.81512%
Disk Usage: 1%

--- Summary ---
Summary:
CPU: 0.8%
Memory: 7.81512%
Disk: 1%


Monitoring Complete: Fri May 16 16:17:28 UTC 2025
------------------------------------------
