------------------------------------------
System Performance Monitoring - Wed Apr  9 11:00:22 IST 2025
------------------------------------------

--- TOP Command Snapshot ---
top - 11:00:22 up 16 min,  1 user,  load average: 0.01, 0.04, 0.02
Tasks:  49 total,   1 running,  48 sleeping,   0 stopped,   0 zombie
%Cpu(s):  0.0 us,  0.0 sy,  0.0 ni,100.0 id,  0.0 wa,  0.0 hi,  0.0 si,  0.0 st
MiB Mem :   2914.8 total,   2117.4 free,    578.5 used,    218.8 buff/cache
MiB Swap:   1024.0 total,   1024.0 free,      0.0 used.   2177.8 avail Mem 

    PID USER      PR  NI    VIRT    RES    SHR S  %CPU  %MEM     TIME+ COMMAND
      1 root      20   0  166064  11420   8316 S   0.0   0.4   0:09.97 systemd
      2 root      20   0    2776   1924   1796 S   0.0   0.1   0:00.02 init-systemd(Ub
     10 root      20   0    2776      4      0 S   0.0   0.0   0:00.00 init
     44 root      19  -1   47872  15088  13988 S   0.0   0.5   0:00.40 systemd-journal
     64 root      20   0   22132   5872   4440 S   0.0   0.2   0:00.50 systemd-udevd
     75 root      20   0  152992    216     52 S   0.0   0.0   0:00.00 snapfuse
     76 root      20   0  152992    188     28 S   0.0   0.0   0:00.00 snapfuse
     85 root      20   0  452048  16112    212 S   0.0   0.5   0:02.38 snapfuse
     88 root      20   0  227888   2516    212 S   0.0   0.1   0:00.01 snapfuse
     95 root      20   0  153124   2192      0 S   0.0   0.1   0:00.00 snapfuse
    103 root      20   0  153124    216     52 S   0.0   0.0   0:00.00 snapfuse
    107 root      20   0  152992   2252     56 S   0.0   0.1   0:00.00 snapfuse
    112 root      20   0  227756   8520    248 S   0.0   0.3   0:00.31 snapfuse

--- VMStat Snapshot ---
procs -----------memory---------- ---swap-- -----io---- -system-- ------cpu-----
 r  b   swpd   free   buff  cache   si   so    bi    bo   in   cs us sy id wa st
 0  0      0 2168016   3336 220692    0    0    39     2   23   87  0  1 99  0  0
 0  0      0 2167292   3336 220692    0    0     0     0   75  438  0  0 100  0  0
 0  0      0 2167292   3336 220692    0    0     0     0   69  409  0  0 100  0  0
 0  0      0 2167040   3336 220692    0    0     0     0   68  412  0  0 100  0  0
 0  0      0 2167040   3336 220692    0    0     0     0   69  405  0  0 100  0  0

--- Disk Usage (df -h) ---
Filesystem      Size  Used Avail Use% Mounted on
none            1.5G     0  1.5G   0% /usr/lib/modules/5.15.167.4-microsoft-standard-WSL2
none            1.5G  4.0K  1.5G   1% /mnt/wsl
drivers         232G  162G   71G  70% /usr/lib/wsl/drivers
/dev/sdc       1007G  2.8G  953G   1% /
none            1.5G   84K  1.5G   1% /mnt/wslg
none            1.5G     0  1.5G   0% /usr/lib/wsl/lib
rootfs          1.5G  2.4M  1.5G   1% /init
none            1.5G  952K  1.5G   1% /run
none            1.5G     0  1.5G   0% /run/lock
none            1.5G     0  1.5G   0% /run/shm
tmpfs           4.0M     0  4.0M   0% /sys/fs/cgroup
none            1.5G   76K  1.5G   1% /mnt/wslg/versions.txt
none            1.5G   76K  1.5G   1% /mnt/wslg/doc
C:\             232G  162G   71G  70% /mnt/c
D:\             311G   28G  284G   9% /mnt/d
E:\             165G   29G  136G  18% /mnt/e
F:\             307G  105M  306G   1% /mnt/f
G:\             141G   66G   76G  47% /mnt/g
snapfuse        128K  128K     0 100% /snap/bare/5
snapfuse         74M   74M     0 100% /snap/core22/1748
snapfuse         74M   74M     0 100% /snap/core22/1802
snapfuse        7.4M  7.4M     0 100% /snap/gedit/684
snapfuse        517M  517M     0 100% /snap/gnome-42-2204/202
snapfuse         92M   92M     0 100% /snap/gtk-common-themes/1535
snapfuse        4.7M  4.7M     0 100% /snap/network-manager/934
snapfuse        4.7M  4.7M     0 100% /snap/network-manager/949
snapfuse         45M   45M     0 100% /snap/snapd/23545
snapfuse         45M   45M     0 100% /snap/snapd/23771
snapfuse        132M  132M     0 100% /snap/ubuntu-desktop-installer/1276
snapfuse        132M  132M     0 100% /snap/ubuntu-desktop-installer/1286

--- Memory Usage (free -h) ---
               total        used        free      shared  buff/cache   available
Mem:           2.8Gi       580Mi       2.1Gi       3.0Mi       218Mi       2.1Gi
Swap:          1.0Gi          0B       1.0Gi

--- Processes Summary (ps aux --sort=-%cpu | head) ---
USER         PID %CPU %MEM    VSZ   RSS TTY      STAT START   TIME COMMAND
root           1  1.0  0.3 166064 11420 ?        Ss   10:43   0:10 /sbin/init
root         440  0.7  3.0 1392660 89648 ?       Sl   10:43   0:06 /snap/ubuntu-desktop-installer/1286/usr/bin/python3.10 -m subiquity.cmd.server --use-os-prober --storage-version=2 --postinst-hooks-dir=/snap/ubuntu-desktop-installer/1286/etc/subiquity/postinst.d
root         696  0.7  1.2  44188 38104 ?        S    10:44   0:07 python3 /snap/ubuntu-desktop-installer/1286/usr/bin/cloud-init status --wait
pulkitg+    4936  0.5  0.1   4920  3700 pts/2    S+   11:00   0:00 /bin/bash ./script.sh
root         131  0.3  0.4 601576 14892 ?        Ssl  10:43   0:03 snapfuse /var/lib/snapd/snaps/snapd_23771.snap /snap/snapd/23771 -o ro,nodev,allow_other,suid
root          85  0.2  0.5 452048 16112 ?        Ssl  10:43   0:02 snapfuse /var/lib/snapd/snaps/core22_1802.snap /snap/core22/1802 -o ro,nodev,allow_other,suid
root         138  0.1  0.4 302520 13012 ?        Ssl  10:43   0:01 snapfuse /var/lib/snapd/snaps/ubuntu-desktop-installer_1286.snap /snap/ubuntu-desktop-installer/1286 -o ro,nodev,allow_other,suid
root         199  0.1  1.4 1764604 43100 ?       Ssl  10:43   0:01 /usr/lib/snapd/snapd
root           2  0.0  0.0   2776  1924 ?        Sl   10:43   0:00 /init

Monitoring Complete: Wed Apr  9 11:00:26 IST 2025
------------------------------------------
